MaxBin 2.2.7
Input contig: plugins/MaxBin/example/assembly.fa
out header: plugins/MaxBin/example/output
Located reads file [plugins/MaxBin/example/1.sam]
Located reads file [plugins/MaxBin/example/3.sam]
Running Bowtie2 on reads file [plugins/MaxBin/example/1.sam]...this may take a while...
Running Bowtie2 on reads file [plugins/MaxBin/example/3.sam]...this may take a while...
Searching against 107 marker genes to find starting seed contigs for [plugins/MaxBin/example/assembly.fa]...
Done data collection. Running MaxBin...
Command: /disk/castalia/lclhome/tcickovs/tools/maxbin-code/src/MaxBin -fasta plugins/MaxBin/example/output.contig.tmp  -abund plugins/MaxBin/example/output.contig.tmp.reads.abund1 -abund2 plugins/MaxBin/example/output.contig.tmp.reads.abund2 -seed plugins/MaxBin/example/output.seed -out plugins/MaxBin/example/output -min_contig_length 2 
Done data collection. Running MaxBin...
Command: /disk/castalia/lclhome/tcickovs/tools/maxbin-code/src/MaxBin -fasta plugins/MaxBin/example/output.0001.fasta  -abund plugins/MaxBin/example/output.contig.tmp.reads.abund1 -abund2 plugins/MaxBin/example/output.contig.tmp.reads.abund2 -seed plugins/MaxBin/example/output.0001.out.seed -out plugins/MaxBin/example/output.0001.out -min_contig_length 2 
Done data collection. Running MaxBin...
Command: /disk/castalia/lclhome/tcickovs/tools/maxbin-code/src/MaxBin -fasta plugins/MaxBin/example/output.0004.fasta  -abund plugins/MaxBin/example/output.contig.tmp.reads.abund1 -abund2 plugins/MaxBin/example/output.contig.tmp.reads.abund2 -seed plugins/MaxBin/example/output.0004.out.seed -out plugins/MaxBin/example/output.0004.out -min_contig_length 2 
Minimum contig length set to 2.
Reading seed list...
Looking for seeds in sequences.
	scaffold-2 [0.000100] [0.000100]
	scaffold-25 [0.000100] [0.000100]
	scaffold-38 [0.000100] [0.000100]
	scaffold-59 [0.000100] [0.000100]
	scaffold-64 [0.000100] [0.000100]
	scaffold-75 [0.000100] [0.000100]
	scaffold-80 [0.000100] [0.000100]
	scaffold-870 [0.000100] [0.000100]
	scaffold-3079 [0.000100] [0.000100]
	scaffold-3743 [0.000100] [0.000100]
	scaffold-3863 [0.000100] [0.000100]
	scaffold-4829 [0.000100] [0.000100]
	scaffold-5086 [0.000100] [0.000100]
	scaffold-5684 [0.000100] [0.000100]
	scaffold-6741 [0.000100] [0.000100]
	scaffold-6858 [0.000100] [0.000100]
	scaffold-6909 [0.000100] [0.000100]
	scaffold-6961 [0.000100] [0.000100]
	scaffold-7484 [0.000100] [0.000100]
	scaffold-7679 [0.000100] [0.000100]
	scaffold-7691 [0.000100] [0.000100]
	scaffold-7705 [0.000100] [0.000100]
Get 22 seeds.

Start EM process.
Iteration 1
Iteration 2
Iteration 3
Iteration 4
Iteration 5
Iteration 6
Iteration 7
Iteration 8
Iteration 9
Iteration 10
Iteration 11
Iteration 12
Iteration 13
Iteration 14
Iteration 15
Iteration 16
Iteration 17
Iteration 18
Iteration 19
Iteration 20
Iteration 21
Iteration 22
Iteration 23

EM finishes successfully.

Classifying sequences based on the EM result.
Minimum probability for binning: 0.50
Ignoring 3 bins without any sequences.
Number of unclassified sequences: 206 (10.88%)
Elapsed time:  0 days 00:00:21

Minimum contig length set to 2.
Reading seed list...
Looking for seeds in sequences.
	scaffold-59 [0.000100] [0.000100]
	scaffold-7502 [0.000100] [0.000100]
Get 2 seeds.

Start EM process.
Iteration 1
Iteration 2
Iteration 3
Iteration 4
Iteration 5
Iteration 6

EM finishes successfully.

Classifying sequences based on the EM result.
Minimum probability for binning: 0.50
Ignoring 0 bins without any sequences.
Number of unclassified sequences: 0 (0.00%)
Elapsed time:  0 days 00:00:01

Minimum contig length set to 2.
Reading seed list...
Looking for seeds in sequences.
	scaffold-53 [0.000100] [0.000100]
	scaffold-4326 [0.000100] [0.000100]
	scaffold-6109 [0.000100] [0.000100]
Get 3 seeds.

Start EM process.
Iteration 1
Iteration 2
Iteration 3
Iteration 4
Iteration 5
Iteration 6
Iteration 7
Iteration 8
Iteration 9
Iteration 10
Iteration 11
Iteration 12
Iteration 13
Iteration 14

EM finishes successfully.

Classifying sequences based on the EM result.
Minimum probability for binning: 0.50
Ignoring 1 bins without any sequences.
Number of unclassified sequences: 43 (49.43%)
Elapsed time:  0 days 00:00:01

Deleting intermediate files.


========== Job finished ==========
Yielded 21 bins for contig (scaffold) file plugins/MaxBin/example/assembly.fa

Here are the output files for this run.
Please refer to the README file for further details.

Summary file: plugins/MaxBin/example/output.summary
Genome abundance info file: plugins/MaxBin/example/output.abundance
Marker counts: plugins/MaxBin/example/output.marker
Marker genes for each bin: plugins/MaxBin/example/output.marker_of_each_gene.tar.gz
Bin files: plugins/MaxBin/example/output.001.fasta - plugins/MaxBin/example/output.021.fasta
Unbinned sequences: plugins/MaxBin/example/output.noclass

Store abundance information of reads file [plugins/MaxBin/example/1.sam] in [plugins/MaxBin/example/output.abund1].
Store abundance information of reads file [plugins/MaxBin/example/3.sam] in [plugins/MaxBin/example/output.abund2].


========== Elapsed Time ==========
0 hours 5 minutes and 27 seconds.

